sku,notes,expected_code
AC adapter 12V 2A,,8504.40
USB charger 5V 1A,,8504.40
Laptop power supply,,8504.40
